<html>
<body>
<pre>
<h1>µVision Build Log</h1>
<h2>Tool Versions:</h2>
IDE-Version: µVision V5.41.0.0
Copyright (C) 2024 ARM Ltd and ARM Germany GmbH. All rights reserved.
License Information: Simon Offenberger
FH
User-based license: Keil MDK Community (non-commercial free of charge)
Valid until: Jun 1 2033. Cached until: Mar 16 2026
 
Tool Versions:
Toolchain:       Keil MDK Community (non-commercial free of charge  Version: 5.41.0.0
Toolchain Path:  C:\Users\Simon\AppData\Local\Keil_v5\ARM\ARMCLANG\Bin
C Compiler:      ArmClang.exe V6.22
Assembler:       Armasm.exe V6.22
Linker/Locator:  ArmLink.exe V6.22
Library Manager: ArmAr.exe V6.22
Hex Converter:   FromElf.exe V6.22
CPU DLL:         SARMCM3.DLL V5.41.0.0
Dialog DLL:      DARMCM1.DLL V1.19.6.0
Target DLL:      STLink\ST-LINKIII-KEIL_SWO.dll V3.3.0.0
Dialog DLL:      TARMCM1.DLL V1.14.6.0
 
<h2>Project:</h2>
c:\Repos\KOM4\UE1\STM32Base_Students\STM32Base\projects\Demo\KOM4.uvprojx
Project File Date:  03/09/2026

<h2>Output:</h2>
*** Using Compiler 'V6.22', folder: 'C:\Users\Simon\AppData\Local\Keil_v5\ARM\ARMCLANG\Bin'
Rebuild target 'APUS'
compiling stm32f0xx_gpio.c...
assembling startup_stm32f072.s...
compiling stm32f0xx_rcc.c...
compiling stm32f0xx_adc.c...
compiling Uart_Vcom.c...
compiling i2c_temp.c...
compiling 3bit_cnt.c...
compiling LedTimer.c...
compiling sysdelay.c...
compiling Interrupt_Proj.c...
compiling stm32f0xx_syscfg.c...
compiling ADC_Temp_prj.c...
compiling stm32f0xx_i2c.c...
compiling alarm.c...
compiling Uart_DMA.c...
compiling stm32f0xx_exti.c...
compiling system_stm32f0xx.c...
compiling board_button.c...
compiling main.c...
compiling stm32f0xx_dma.c...
compiling stm32f0xx_tim.c...
compiling rgb_timer.c...
compiling board_uart.c...
compiling board_led.c...
compiling board_uart_dma.c...
compiling board_adc.c...
compiling i2c.c...
compiling Board_MCP_Temp.c...
compiling MonochromeImage.c...
compiling Image.c...
compiling Lcd.c...
compiling Consolas.c...
compiling Gpio.c...
compiling tsc.c...
linking...
Program Size: Code=5760 RO-data=2952 RW-data=4 ZI-data=1036  
".\Objects\LED.axf" - 0 Error(s), 0 Warning(s).

<h2>Software Packages used:</h2>

Package Vendor: Keil
                https://www.keil.com/pack/Keil.STM32F0xx_DFP.2.1.1.pack
                Keil::STM32F0xx_DFP@2.1.1
                STMicroelectronics STM32F0 Series Device Support, Drivers and Examples

<h2>Collection of Component include folders:</h2>
  C:/Users/Simon/AppData/Local/Arm/Packs/Keil/STM32F0xx_DFP/2.1.1/Drivers/CMSIS/Device/ST/STM32F0xx/Include

<h2>Collection of Component Files used:</h2>
Build Time Elapsed:  00:00:02
</pre>
</body>
</html>
